// Jest Snapshot v1, https://goo.gl/fbAQLP

exports[`hover button matches the snapshot 1`] = `
ShallowWrapper {
  "length": 1,
  Symbol(enzyme.__root__): [Circular],
  Symbol(enzyme.__unrendered__): <HoverButton
    hoveredStyle={
        Object {
            "color": "black",
          }
    }
    onClick={[Function]}
    style={
        Object {
            "color": "white",
          }
    }
/>,
  Symbol(enzyme.__renderer__): Object {
    "batchedUpdates": [Function],
    "getNode": [Function],
    "render": [Function],
    "simulateEvent": [Function],
    "unmount": [Function],
  },
  Symbol(enzyme.__node__): Object {
    "instance": null,
    "key": null,
    "nodeType": "host",
    "props": Object {
      "children": undefined,
      "className": undefined,
      "onClick": [Function],
      "onMouseEnter": [Function],
      "onMouseLeave": [Function],
      "style": Object {
        "color": "white",
      },
    },
    "ref": null,
    "rendered": null,
    "type": "button",
  },
  Symbol(enzyme.__nodes__): Array [
    Object {
      "instance": null,
      "key": null,
      "nodeType": "host",
      "props": Object {
        "children": undefined,
        "className": undefined,
        "onClick": [Function],
        "onMouseEnter": [Function],
        "onMouseLeave": [Function],
        "style": Object {
          "color": "white",
        },
      },
      "ref": null,
      "rendered": null,
      "type": "button",
    },
  ],
  Symbol(enzyme.__options__): Object {
    "adapter": ReactFifteenAdapter {
      "options": Object {
        "supportPrevContextArgumentOfComponentDidUpdate": true,
      },
    },
  },
}
`;
