// Jest Snapshot v1, https://goo.gl/fbAQLP

exports[`Confirm Take Exam matches the snapshot 1`] = `
<div
  style={
    Object {
      "backgroundColor": "white",
      "borderRadius": "5px",
      "boxShadow": "0px 0px 5px #555555",
      "left": "20vw",
      "padding": "20px",
      "position": "fixed",
      "right": "20vw",
      "top": "10vh",
      "zIndex": "2",
    }
  }
>
  <h2>
    Are you sure?
  </h2>
  <div
    style={
      Object {
        "marginBottom": "20px",
      }
    }
  >
    You are about to begin a quiz on the behalf of a student. This action will save the attempt and scores of the quiz attempt to the students account. You will be recorded as the proctor who entered the answers. Time limits, shuffled questions, and other factors will still apply. Only select Begin Quiz if you are prepared to enter answers for this student.
  </div>
  <button
    className="qa-cancel-take-exam"
    onClick={[Function]}
    style={
      Object {
        "backgroundColor": "#ededed",
        "border": "none",
        "cursor": "pointer",
        "padding": "10px 20px",
      }
    }
  >
    Cancel
  </button>
  <button
    className="qa-begin-take-exam"
    onClick={[Function]}
    style={
      Object {
        "backgroundColor": "#c1a17a",
        "border": "none",
        "color": "white",
        "cursor": "pointer",
        "float": "right",
        "padding": "10px 20px",
      }
    }
  >
    Begin Quiz
  </button>
</div>
`;
