// Jest Snapshot v1, https://goo.gl/fbAQLP

exports[`Date Selector matches the snapshot 1`] = `
ShallowWrapper {
  "complexSelector": ComplexSelector {
    "buildPredicate": [Function],
    "childrenOfNode": [Function],
    "findWhereUnwrapped": [Function],
  },
  "length": 1,
  "node": <div
    style={
        Object {
            "display": "flex",
          }
    }
>
    <AdminHoverButton
        className="qa-date-picker-left"
        onClick={[Function]}
        style={
            Object {
                "backgroundColor": "white",
                "border": "2px solid #ededed",
                "color": "#555555",
                "flex": ".1",
                "marginRight": "5px",
                "padding": "0px 5px",
                "verticalAlign": "middle",
              }
        }
    >
        <i
            className="material-icons"
        >
            keyboard_arrow_left
        </i>
    </AdminHoverButton>
    <DateSelector
        date={2010-10-20T06:00:00.000Z}
        format="MMM Do"
        onChange={[Function]}
        style={
            Object {
                "flex": ".8",
              }
        }
    />
    <AdminHoverButton
        className="qa-date-picker-right"
        onClick={[Function]}
        style={
            Object {
                "backgroundColor": "white",
                "border": "2px solid #ededed",
                "color": "#555555",
                "flex": ".1",
                "marginLeft": "5px",
                "padding": "0px 5px",
                "verticalAlign": "middle",
              }
        }
    >
        <i
            className="material-icons"
        >
            keyboard_arrow_right
        </i>
    </AdminHoverButton>
</div>,
  "nodes": Array [
    <div
      style={
            Object {
                  "display": "flex",
                }
      }
>
      <AdminHoverButton
            className="qa-date-picker-left"
            onClick={[Function]}
            style={
                  Object {
                        "backgroundColor": "white",
                        "border": "2px solid #ededed",
                        "color": "#555555",
                        "flex": ".1",
                        "marginRight": "5px",
                        "padding": "0px 5px",
                        "verticalAlign": "middle",
                      }
            }
      >
            <i
                  className="material-icons"
            >
                  keyboard_arrow_left
            </i>
      </AdminHoverButton>
      <DateSelector
            date={2010-10-20T06:00:00.000Z}
            format="MMM Do"
            onChange={[Function]}
            style={
                  Object {
                        "flex": ".8",
                      }
            }
      />
      <AdminHoverButton
            className="qa-date-picker-right"
            onClick={[Function]}
            style={
                  Object {
                        "backgroundColor": "white",
                        "border": "2px solid #ededed",
                        "color": "#555555",
                        "flex": ".1",
                        "marginLeft": "5px",
                        "padding": "0px 5px",
                        "verticalAlign": "middle",
                      }
            }
      >
            <i
                  className="material-icons"
            >
                  keyboard_arrow_right
            </i>
      </AdminHoverButton>
</div>,
  ],
  "options": Object {},
  "renderer": ReactShallowRenderer {
    "_instance": ShallowComponentWrapper {
      "_calledComponentWillUnmount": false,
      "_compositeType": 0,
      "_context": Object {},
      "_currentElement": <DateFilter
        date={2010-10-20T06:00:00.000Z}
        onChange={[Function]}
/>,
      "_debugID": 1,
      "_hostContainerInfo": null,
      "_hostParent": null,
      "_instance": DateFilter {
        "_reactInternalInstance": [Circular],
        "context": Object {},
        "props": Object {
          "date": 2010-10-20T06:00:00.000Z,
          "onChange": [Function],
        },
        "refs": Object {},
        "state": null,
        "updater": Object {
          "enqueueCallback": [Function],
          "enqueueCallbackInternal": [Function],
          "enqueueElementInternal": [Function],
          "enqueueForceUpdate": [Function],
          "enqueueReplaceState": [Function],
          "enqueueSetState": [Function],
          "isMounted": [Function],
          "validateCallback": [Function],
        },
      },
      "_mountOrder": 1,
      "_pendingCallbacks": null,
      "_pendingElement": null,
      "_pendingForceUpdate": false,
      "_pendingReplaceState": false,
      "_pendingStateQueue": null,
      "_renderedComponent": NoopInternalComponent {
        "_currentElement": <div
          style={
                    Object {
                              "display": "flex",
                            }
          }
>
          <AdminHoverButton
                    className="qa-date-picker-left"
                    onClick={[Function]}
                    style={
                              Object {
                                        "backgroundColor": "white",
                                        "border": "2px solid #ededed",
                                        "color": "#555555",
                                        "flex": ".1",
                                        "marginRight": "5px",
                                        "padding": "0px 5px",
                                        "verticalAlign": "middle",
                                      }
                    }
          >
                    <i
                              className="material-icons"
                    >
                              keyboard_arrow_left
                    </i>
          </AdminHoverButton>
          <DateSelector
                    date={2010-10-20T06:00:00.000Z}
                    format="MMM Do"
                    onChange={[Function]}
                    style={
                              Object {
                                        "flex": ".8",
                                      }
                    }
          />
          <AdminHoverButton
                    className="qa-date-picker-right"
                    onClick={[Function]}
                    style={
                              Object {
                                        "backgroundColor": "white",
                                        "border": "2px solid #ededed",
                                        "color": "#555555",
                                        "flex": ".1",
                                        "marginLeft": "5px",
                                        "padding": "0px 5px",
                                        "verticalAlign": "middle",
                                      }
                    }
          >
                    <i
                              className="material-icons"
                    >
                              keyboard_arrow_right
                    </i>
          </AdminHoverButton>
</div>,
        "_debugID": 2,
        "_renderedOutput": <div
          style={
                    Object {
                              "display": "flex",
                            }
          }
>
          <AdminHoverButton
                    className="qa-date-picker-left"
                    onClick={[Function]}
                    style={
                              Object {
                                        "backgroundColor": "white",
                                        "border": "2px solid #ededed",
                                        "color": "#555555",
                                        "flex": ".1",
                                        "marginRight": "5px",
                                        "padding": "0px 5px",
                                        "verticalAlign": "middle",
                                      }
                    }
          >
                    <i
                              className="material-icons"
                    >
                              keyboard_arrow_left
                    </i>
          </AdminHoverButton>
          <DateSelector
                    date={2010-10-20T06:00:00.000Z}
                    format="MMM Do"
                    onChange={[Function]}
                    style={
                              Object {
                                        "flex": ".8",
                                      }
                    }
          />
          <AdminHoverButton
                    className="qa-date-picker-right"
                    onClick={[Function]}
                    style={
                              Object {
                                        "backgroundColor": "white",
                                        "border": "2px solid #ededed",
                                        "color": "#555555",
                                        "flex": ".1",
                                        "marginLeft": "5px",
                                        "padding": "0px 5px",
                                        "verticalAlign": "middle",
                                      }
                    }
          >
                    <i
                              className="material-icons"
                    >
                              keyboard_arrow_right
                    </i>
          </AdminHoverButton>
</div>,
      },
      "_renderedNodeType": 0,
      "_rootNodeID": 0,
      "_topLevelWrapper": null,
      "_updateBatchNumber": null,
      "_warnedAboutRefsInRender": false,
    },
    "getRenderOutput": [Function],
    "render": [Function],
  },
  "root": [Circular],
  "unrendered": <DateFilter
    date={2010-10-20T06:00:00.000Z}
    onChange={[Function]}
/>,
}
`;
