// Jest Snapshot v1, https://goo.gl/fbAQLP

exports[`report button matches the snapshot 1`] = `
<button
  className="c-btn c-btn--export qa-export-btn"
  onClick={[Function]}
  style={
    Object {
      "backgroundColor": "rgb(245, 245, 245)",
      "border": "2px solid rgb(245, 245, 245)",
      "color": "rgb(170, 170, 170)",
      "fontSize": "1em",
      "padding": "10px 25px 10px 25px",
    }
  }
/>
`;
