// Jest Snapshot v1, https://goo.gl/fbAQLP

exports[`report button matches the snapshot 1`] = `
ShallowWrapper {
  "length": 1,
  Symbol(enzyme.__root__): [Circular],
  Symbol(enzyme.__unrendered__): <ReportButton
    downloadOptions={Object {}}
    onExport={[Function]}
    text=""
/>,
  Symbol(enzyme.__renderer__): Object {
    "batchedUpdates": [Function],
    "getNode": [Function],
    "render": [Function],
    "simulateEvent": [Function],
    "unmount": [Function],
  },
  Symbol(enzyme.__node__): Object {
    "instance": null,
    "key": undefined,
    "nodeType": "host",
    "props": Object {
      "children": "",
      "className": "c-btn c-btn--export qa-export-btn",
      "onClick": [Function],
      "style": Object {
        "backgroundColor": "rgb(245, 245, 245)",
        "border": "2px solid rgb(245, 245, 245)",
        "color": "rgb(170, 170, 170)",
        "fontSize": "1em",
        "padding": "10px 25px 10px 25px",
      },
    },
    "ref": null,
    "rendered": "",
    "type": "button",
  },
  Symbol(enzyme.__nodes__): Array [
    Object {
      "instance": null,
      "key": undefined,
      "nodeType": "host",
      "props": Object {
        "children": "",
        "className": "c-btn c-btn--export qa-export-btn",
        "onClick": [Function],
        "style": Object {
          "backgroundColor": "rgb(245, 245, 245)",
          "border": "2px solid rgb(245, 245, 245)",
          "color": "rgb(170, 170, 170)",
          "fontSize": "1em",
          "padding": "10px 25px 10px 25px",
        },
      },
      "ref": null,
      "rendered": "",
      "type": "button",
    },
  ],
  Symbol(enzyme.__options__): Object {
    "adapter": ReactFifteenAdapter {
      "options": Object {
        "supportPrevContextArgumentOfComponentDidUpdate": true,
      },
    },
  },
}
`;
