// Jest Snapshot v1, https://goo.gl/fbAQLP

exports[`Essay matches the snapshot 1`] = `
ShallowWrapper {
  "length": 1,
  Symbol(enzyme.__root__): [Circular],
  Symbol(enzyme.__unrendered__): <essayQuestion
    id="7"
    question_text="<p>What is love?</p>"
  />,
  Symbol(enzyme.__renderer__): Object {
    "batchedUpdates": [Function],
    "getNode": [Function],
    "render": [Function],
    "simulateEvent": [Function],
    "unmount": [Function],
  },
  Symbol(enzyme.__node__): Object {
    "instance": null,
    "key": undefined,
    "nodeType": "host",
    "props": Object {
      "children": Array [
        <essayQuestion
          text="<p>What is love?</p>"
        />,
        <textarea
          className="textbox"
          disabled={true}
          rows="10"
          style={
            Object {
              "width": "98%",
            }
          }
        />,
      ],
    },
    "ref": null,
    "rendered": Array [
      Object {
        "instance": null,
        "key": undefined,
        "nodeType": "function",
        "props": Object {
          "text": "<p>What is love?</p>",
        },
        "ref": null,
        "rendered": null,
        "type": [Function],
      },
      Object {
        "instance": null,
        "key": undefined,
        "nodeType": "host",
        "props": Object {
          "className": "textbox",
          "disabled": true,
          "rows": "10",
          "style": Object {
            "width": "98%",
          },
        },
        "ref": null,
        "rendered": null,
        "type": "textarea",
      },
    ],
    "type": "div",
  },
  Symbol(enzyme.__nodes__): Array [
    Object {
      "instance": null,
      "key": undefined,
      "nodeType": "host",
      "props": Object {
        "children": Array [
          <essayQuestion
            text="<p>What is love?</p>"
          />,
          <textarea
            className="textbox"
            disabled={true}
            rows="10"
            style={
              Object {
                "width": "98%",
              }
            }
          />,
        ],
      },
      "ref": null,
      "rendered": Array [
        Object {
          "instance": null,
          "key": undefined,
          "nodeType": "function",
          "props": Object {
            "text": "<p>What is love?</p>",
          },
          "ref": null,
          "rendered": null,
          "type": [Function],
        },
        Object {
          "instance": null,
          "key": undefined,
          "nodeType": "host",
          "props": Object {
            "className": "textbox",
            "disabled": true,
            "rows": "10",
            "style": Object {
              "width": "98%",
            },
          },
          "ref": null,
          "rendered": null,
          "type": "textarea",
        },
      ],
      "type": "div",
    },
  ],
  Symbol(enzyme.__options__): Object {
    "adapter": ReactFifteenAdapter {
      "options": Object {
        "supportPrevContextArgumentOfComponentDidUpdate": true,
      },
    },
  },
}
`;
