// Jest Snapshot v1, https://goo.gl/fbAQLP

exports[`Multiple Choice matches the snapshot 1`] = `
ShallowWrapper {
  "length": 1,
  Symbol(enzyme.__root__): [Circular],
  Symbol(enzyme.__unrendered__): <fillInMultipleBlanks
    id="7"
    question_text="<p>Holy [blank1] youve been down too long in the [blank2] sea.</p>"
/>,
  Symbol(enzyme.__renderer__): Object {
    "batchedUpdates": [Function],
    "getNode": [Function],
    "render": [Function],
    "simulateEvent": [Function],
    "unmount": [Function],
  },
  Symbol(enzyme.__node__): Object {
    "instance": null,
    "key": null,
    "nodeType": "function",
    "props": Object {
      "text": "<p>Holy <input type=\\"text\\" class=\\"textbox\\" disabled /> youve been down too long in the <input type=\\"text\\" class=\\"textbox\\" disabled /> sea.</p>",
    },
    "ref": null,
    "rendered": null,
    "type": [Function],
  },
  Symbol(enzyme.__nodes__): Array [
    Object {
      "instance": null,
      "key": null,
      "nodeType": "function",
      "props": Object {
        "text": "<p>Holy <input type=\\"text\\" class=\\"textbox\\" disabled /> youve been down too long in the <input type=\\"text\\" class=\\"textbox\\" disabled /> sea.</p>",
      },
      "ref": null,
      "rendered": null,
      "type": [Function],
    },
  ],
  Symbol(enzyme.__options__): Object {
    "adapter": ReactFifteenAdapter {
      "options": Object {
        "supportPrevContextArgumentOfComponentDidUpdate": true,
      },
    },
  },
}
`;
