// Jest Snapshot v1, https://goo.gl/fbAQLP

exports[`Multiple Choice matches the snapshot 1`] = `
ShallowWrapper {
  "length": 1,
  Symbol(enzyme.__root__): [Circular],
  Symbol(enzyme.__unrendered__): <multipleAnswerQuestion
    answers={
        Array [
            Object {
              "id": 1,
              "text": "grass",
            },
            Object {
              "id": 2,
              "text": "potatoes",
            },
            Object {
              "id": 3,
              "text": "trees",
            },
            Object {
              "id": 4,
              "text": "bats",
            },
            Object {
              "id": 5,
              "text": "fear",
            },
          ]
    }
    id={7}
    question_text="<p>What things are green</p>"
/>,
  Symbol(enzyme.__renderer__): Object {
    "batchedUpdates": [Function],
    "getNode": [Function],
    "render": [Function],
    "simulateEvent": [Function],
    "unmount": [Function],
  },
  Symbol(enzyme.__node__): Object {
    "instance": null,
    "key": null,
    "nodeType": "host",
    "props": Object {
      "children": Array [
        <essayQuestion
          text="<p>What things are green</p>"
/>,
        Array [
          <div>
            <hr />
            <input
                        disabled={true}
                        type="checkbox"
            />
             
            grass
</div>,
          <div>
            <hr />
            <input
                        disabled={true}
                        type="checkbox"
            />
             
            potatoes
</div>,
          <div>
            <hr />
            <input
                        disabled={true}
                        type="checkbox"
            />
             
            trees
</div>,
          <div>
            <hr />
            <input
                        disabled={true}
                        type="checkbox"
            />
             
            bats
</div>,
          <div>
            <hr />
            <input
                        disabled={true}
                        type="checkbox"
            />
             
            fear
</div>,
        ],
      ],
    },
    "ref": null,
    "rendered": Array [
      Object {
        "instance": null,
        "key": null,
        "nodeType": "function",
        "props": Object {
          "text": "<p>What things are green</p>",
        },
        "ref": null,
        "rendered": null,
        "type": [Function],
      },
      Object {
        "instance": null,
        "key": "question7_answer1",
        "nodeType": "host",
        "props": Object {
          "children": Array [
            <hr />,
            <input
              disabled={true}
              type="checkbox"
/>,
            " ",
            "grass",
          ],
        },
        "ref": null,
        "rendered": Array [
          Object {
            "instance": null,
            "key": null,
            "nodeType": "host",
            "props": Object {},
            "ref": null,
            "rendered": null,
            "type": "hr",
          },
          Object {
            "instance": null,
            "key": null,
            "nodeType": "host",
            "props": Object {
              "disabled": true,
              "type": "checkbox",
            },
            "ref": null,
            "rendered": null,
            "type": "input",
          },
          " ",
          "grass",
        ],
        "type": "div",
      },
      Object {
        "instance": null,
        "key": "question7_answer2",
        "nodeType": "host",
        "props": Object {
          "children": Array [
            <hr />,
            <input
              disabled={true}
              type="checkbox"
/>,
            " ",
            "potatoes",
          ],
        },
        "ref": null,
        "rendered": Array [
          Object {
            "instance": null,
            "key": null,
            "nodeType": "host",
            "props": Object {},
            "ref": null,
            "rendered": null,
            "type": "hr",
          },
          Object {
            "instance": null,
            "key": null,
            "nodeType": "host",
            "props": Object {
              "disabled": true,
              "type": "checkbox",
            },
            "ref": null,
            "rendered": null,
            "type": "input",
          },
          " ",
          "potatoes",
        ],
        "type": "div",
      },
      Object {
        "instance": null,
        "key": "question7_answer3",
        "nodeType": "host",
        "props": Object {
          "children": Array [
            <hr />,
            <input
              disabled={true}
              type="checkbox"
/>,
            " ",
            "trees",
          ],
        },
        "ref": null,
        "rendered": Array [
          Object {
            "instance": null,
            "key": null,
            "nodeType": "host",
            "props": Object {},
            "ref": null,
            "rendered": null,
            "type": "hr",
          },
          Object {
            "instance": null,
            "key": null,
            "nodeType": "host",
            "props": Object {
              "disabled": true,
              "type": "checkbox",
            },
            "ref": null,
            "rendered": null,
            "type": "input",
          },
          " ",
          "trees",
        ],
        "type": "div",
      },
      Object {
        "instance": null,
        "key": "question7_answer4",
        "nodeType": "host",
        "props": Object {
          "children": Array [
            <hr />,
            <input
              disabled={true}
              type="checkbox"
/>,
            " ",
            "bats",
          ],
        },
        "ref": null,
        "rendered": Array [
          Object {
            "instance": null,
            "key": null,
            "nodeType": "host",
            "props": Object {},
            "ref": null,
            "rendered": null,
            "type": "hr",
          },
          Object {
            "instance": null,
            "key": null,
            "nodeType": "host",
            "props": Object {
              "disabled": true,
              "type": "checkbox",
            },
            "ref": null,
            "rendered": null,
            "type": "input",
          },
          " ",
          "bats",
        ],
        "type": "div",
      },
      Object {
        "instance": null,
        "key": "question7_answer5",
        "nodeType": "host",
        "props": Object {
          "children": Array [
            <hr />,
            <input
              disabled={true}
              type="checkbox"
/>,
            " ",
            "fear",
          ],
        },
        "ref": null,
        "rendered": Array [
          Object {
            "instance": null,
            "key": null,
            "nodeType": "host",
            "props": Object {},
            "ref": null,
            "rendered": null,
            "type": "hr",
          },
          Object {
            "instance": null,
            "key": null,
            "nodeType": "host",
            "props": Object {
              "disabled": true,
              "type": "checkbox",
            },
            "ref": null,
            "rendered": null,
            "type": "input",
          },
          " ",
          "fear",
        ],
        "type": "div",
      },
    ],
    "type": "div",
  },
  Symbol(enzyme.__nodes__): Array [
    Object {
      "instance": null,
      "key": null,
      "nodeType": "host",
      "props": Object {
        "children": Array [
          <essayQuestion
            text="<p>What things are green</p>"
/>,
          Array [
            <div>
              <hr />
              <input
                            disabled={true}
                            type="checkbox"
              />
               
              grass
</div>,
            <div>
              <hr />
              <input
                            disabled={true}
                            type="checkbox"
              />
               
              potatoes
</div>,
            <div>
              <hr />
              <input
                            disabled={true}
                            type="checkbox"
              />
               
              trees
</div>,
            <div>
              <hr />
              <input
                            disabled={true}
                            type="checkbox"
              />
               
              bats
</div>,
            <div>
              <hr />
              <input
                            disabled={true}
                            type="checkbox"
              />
               
              fear
</div>,
          ],
        ],
      },
      "ref": null,
      "rendered": Array [
        Object {
          "instance": null,
          "key": null,
          "nodeType": "function",
          "props": Object {
            "text": "<p>What things are green</p>",
          },
          "ref": null,
          "rendered": null,
          "type": [Function],
        },
        Object {
          "instance": null,
          "key": "question7_answer1",
          "nodeType": "host",
          "props": Object {
            "children": Array [
              <hr />,
              <input
                disabled={true}
                type="checkbox"
/>,
              " ",
              "grass",
            ],
          },
          "ref": null,
          "rendered": Array [
            Object {
              "instance": null,
              "key": null,
              "nodeType": "host",
              "props": Object {},
              "ref": null,
              "rendered": null,
              "type": "hr",
            },
            Object {
              "instance": null,
              "key": null,
              "nodeType": "host",
              "props": Object {
                "disabled": true,
                "type": "checkbox",
              },
              "ref": null,
              "rendered": null,
              "type": "input",
            },
            " ",
            "grass",
          ],
          "type": "div",
        },
        Object {
          "instance": null,
          "key": "question7_answer2",
          "nodeType": "host",
          "props": Object {
            "children": Array [
              <hr />,
              <input
                disabled={true}
                type="checkbox"
/>,
              " ",
              "potatoes",
            ],
          },
          "ref": null,
          "rendered": Array [
            Object {
              "instance": null,
              "key": null,
              "nodeType": "host",
              "props": Object {},
              "ref": null,
              "rendered": null,
              "type": "hr",
            },
            Object {
              "instance": null,
              "key": null,
              "nodeType": "host",
              "props": Object {
                "disabled": true,
                "type": "checkbox",
              },
              "ref": null,
              "rendered": null,
              "type": "input",
            },
            " ",
            "potatoes",
          ],
          "type": "div",
        },
        Object {
          "instance": null,
          "key": "question7_answer3",
          "nodeType": "host",
          "props": Object {
            "children": Array [
              <hr />,
              <input
                disabled={true}
                type="checkbox"
/>,
              " ",
              "trees",
            ],
          },
          "ref": null,
          "rendered": Array [
            Object {
              "instance": null,
              "key": null,
              "nodeType": "host",
              "props": Object {},
              "ref": null,
              "rendered": null,
              "type": "hr",
            },
            Object {
              "instance": null,
              "key": null,
              "nodeType": "host",
              "props": Object {
                "disabled": true,
                "type": "checkbox",
              },
              "ref": null,
              "rendered": null,
              "type": "input",
            },
            " ",
            "trees",
          ],
          "type": "div",
        },
        Object {
          "instance": null,
          "key": "question7_answer4",
          "nodeType": "host",
          "props": Object {
            "children": Array [
              <hr />,
              <input
                disabled={true}
                type="checkbox"
/>,
              " ",
              "bats",
            ],
          },
          "ref": null,
          "rendered": Array [
            Object {
              "instance": null,
              "key": null,
              "nodeType": "host",
              "props": Object {},
              "ref": null,
              "rendered": null,
              "type": "hr",
            },
            Object {
              "instance": null,
              "key": null,
              "nodeType": "host",
              "props": Object {
                "disabled": true,
                "type": "checkbox",
              },
              "ref": null,
              "rendered": null,
              "type": "input",
            },
            " ",
            "bats",
          ],
          "type": "div",
        },
        Object {
          "instance": null,
          "key": "question7_answer5",
          "nodeType": "host",
          "props": Object {
            "children": Array [
              <hr />,
              <input
                disabled={true}
                type="checkbox"
/>,
              " ",
              "fear",
            ],
          },
          "ref": null,
          "rendered": Array [
            Object {
              "instance": null,
              "key": null,
              "nodeType": "host",
              "props": Object {},
              "ref": null,
              "rendered": null,
              "type": "hr",
            },
            Object {
              "instance": null,
              "key": null,
              "nodeType": "host",
              "props": Object {
                "disabled": true,
                "type": "checkbox",
              },
              "ref": null,
              "rendered": null,
              "type": "input",
            },
            " ",
            "fear",
          ],
          "type": "div",
        },
      ],
      "type": "div",
    },
  ],
  Symbol(enzyme.__options__): Object {
    "adapter": ReactFifteenAdapter {
      "options": Object {
        "supportPrevContextArgumentOfComponentDidUpdate": true,
      },
    },
  },
}
`;
