// Jest Snapshot v1, https://goo.gl/fbAQLP

exports[`Scorm Analytics AnalyticList Scorm Analytics AnalyticList renders 1`] = `
<table
  className="c-aa-table"
>
  <thead>
    <tr>
      <th
        key="name"
        onClick={[Function]}
      >
        Student
        <i
          className="material-icons"
        >
          keyboard_arrow_up
        </i>
      </th>
      <th
        key="passed"
        onClick={[Function]}
      >
        Passed
        <i
          className="material-icons"
        />
      </th>
      <th
        key="score"
        onClick={[Function]}
      >
        AVG Score
        <i
          className="material-icons"
        />
      </th>
      <th
        key="time"
        onClick={[Function]}
      >
        Total Time(mins)
        <i
          className="material-icons"
        />
      </th>
    </tr>
  </thead>
  <tbody />
</table>
`;
