// Jest Snapshot v1, https://goo.gl/fbAQLP

exports[`Scorm Analytics AnalyticRow first example renders 1`] = `
<tr
  className="c-aa-row c-aa-accordion is-open"
  onClick={[Function]}
  style={
    Object {
      "cursor": "pointer",
    }
  }
>
  <td
    style={
      Object {
        "paddingLeft": "8rem",
      }
    }
  >
    <i
      className="material-icons"
      style={
        Object {
          "left": "5.3rem",
        }
      }
    >
      arrow_drop_down
    </i>
    test application
  </td>
  <td>
    Passed
  </td>
  <td>
    12%
  </td>
  <td>
    59s
  </td>
</tr>
`;
