// Jest Snapshot v1, https://goo.gl/fbAQLP

exports[`Scorm Analytics AnalyticList Scorm Analytics AnalyticList renders 1`] = `
ShallowWrapper {
  "length": 1,
  Symbol(enzyme.__root__): [Circular],
  Symbol(enzyme.__unrendered__): <AnalyticList
    switchView={[Function]}
    tableData={Array []}
    view="course"
  />,
  Symbol(enzyme.__renderer__): Object {
    "batchedUpdates": [Function],
    "getNode": [Function],
    "render": [Function],
    "simulateEvent": [Function],
    "unmount": [Function],
  },
  Symbol(enzyme.__node__): Object {
    "instance": null,
    "key": undefined,
    "nodeType": "host",
    "props": Object {
      "children": Array [
        <thead>
          <tr>
            <th
              onClick={[Function]}
            >
              Student
              <i
                className="material-icons"
              >
                keyboard_arrow_up
              </i>
            </th>
            <th
              onClick={[Function]}
            >
              Passed
              <i
                className="material-icons"
              />
            </th>
            <th
              onClick={[Function]}
            >
              AVG Score
              <i
                className="material-icons"
              />
            </th>
            <th
              onClick={[Function]}
            >
              Total Time(mins)
              <i
                className="material-icons"
              />
            </th>
          </tr>
        </thead>,
        <tbody />,
      ],
      "className": "c-aa-table",
    },
    "ref": null,
    "rendered": Array [
      Object {
        "instance": null,
        "key": undefined,
        "nodeType": "host",
        "props": Object {
          "children": <tr>
            <th
              onClick={[Function]}
            >
              Student
              <i
                className="material-icons"
              >
                keyboard_arrow_up
              </i>
            </th>
            <th
              onClick={[Function]}
            >
              Passed
              <i
                className="material-icons"
              />
            </th>
            <th
              onClick={[Function]}
            >
              AVG Score
              <i
                className="material-icons"
              />
            </th>
            <th
              onClick={[Function]}
            >
              Total Time(mins)
              <i
                className="material-icons"
              />
            </th>
          </tr>,
        },
        "ref": null,
        "rendered": Object {
          "instance": null,
          "key": undefined,
          "nodeType": "host",
          "props": Object {
            "children": Array [
              <th
                onClick={[Function]}
              >
                Student
                <i
                  className="material-icons"
                >
                  keyboard_arrow_up
                </i>
              </th>,
              <th
                onClick={[Function]}
              >
                Passed
                <i
                  className="material-icons"
                />
              </th>,
              <th
                onClick={[Function]}
              >
                AVG Score
                <i
                  className="material-icons"
                />
              </th>,
              <th
                onClick={[Function]}
              >
                Total Time(mins)
                <i
                  className="material-icons"
                />
              </th>,
            ],
          },
          "ref": null,
          "rendered": Array [
            Object {
              "instance": null,
              "key": "name",
              "nodeType": "host",
              "props": Object {
                "children": Array [
                  "Student",
                  <i
                    className="material-icons"
                  >
                    keyboard_arrow_up
                  </i>,
                ],
                "onClick": [Function],
              },
              "ref": null,
              "rendered": Array [
                "Student",
                Object {
                  "instance": null,
                  "key": undefined,
                  "nodeType": "host",
                  "props": Object {
                    "children": "keyboard_arrow_up",
                    "className": "material-icons",
                  },
                  "ref": null,
                  "rendered": "keyboard_arrow_up",
                  "type": "i",
                },
              ],
              "type": "th",
            },
            Object {
              "instance": null,
              "key": "passed",
              "nodeType": "host",
              "props": Object {
                "children": Array [
                  "Passed",
                  <i
                    className="material-icons"
                  />,
                ],
                "onClick": [Function],
              },
              "ref": null,
              "rendered": Array [
                "Passed",
                Object {
                  "instance": null,
                  "key": undefined,
                  "nodeType": "host",
                  "props": Object {
                    "children": null,
                    "className": "material-icons",
                  },
                  "ref": null,
                  "rendered": null,
                  "type": "i",
                },
              ],
              "type": "th",
            },
            Object {
              "instance": null,
              "key": "score",
              "nodeType": "host",
              "props": Object {
                "children": Array [
                  "AVG Score",
                  <i
                    className="material-icons"
                  />,
                ],
                "onClick": [Function],
              },
              "ref": null,
              "rendered": Array [
                "AVG Score",
                Object {
                  "instance": null,
                  "key": undefined,
                  "nodeType": "host",
                  "props": Object {
                    "children": null,
                    "className": "material-icons",
                  },
                  "ref": null,
                  "rendered": null,
                  "type": "i",
                },
              ],
              "type": "th",
            },
            Object {
              "instance": null,
              "key": "time",
              "nodeType": "host",
              "props": Object {
                "children": Array [
                  "Total Time(mins)",
                  <i
                    className="material-icons"
                  />,
                ],
                "onClick": [Function],
              },
              "ref": null,
              "rendered": Array [
                "Total Time(mins)",
                Object {
                  "instance": null,
                  "key": undefined,
                  "nodeType": "host",
                  "props": Object {
                    "children": null,
                    "className": "material-icons",
                  },
                  "ref": null,
                  "rendered": null,
                  "type": "i",
                },
              ],
              "type": "th",
            },
          ],
          "type": "tr",
        },
        "type": "thead",
      },
      Object {
        "instance": null,
        "key": undefined,
        "nodeType": "host",
        "props": Object {
          "children": Array [],
        },
        "ref": null,
        "rendered": Array [],
        "type": "tbody",
      },
    ],
    "type": "table",
  },
  Symbol(enzyme.__nodes__): Array [
    Object {
      "instance": null,
      "key": undefined,
      "nodeType": "host",
      "props": Object {
        "children": Array [
          <thead>
            <tr>
              <th
                onClick={[Function]}
              >
                Student
                <i
                  className="material-icons"
                >
                  keyboard_arrow_up
                </i>
              </th>
              <th
                onClick={[Function]}
              >
                Passed
                <i
                  className="material-icons"
                />
              </th>
              <th
                onClick={[Function]}
              >
                AVG Score
                <i
                  className="material-icons"
                />
              </th>
              <th
                onClick={[Function]}
              >
                Total Time(mins)
                <i
                  className="material-icons"
                />
              </th>
            </tr>
          </thead>,
          <tbody />,
        ],
        "className": "c-aa-table",
      },
      "ref": null,
      "rendered": Array [
        Object {
          "instance": null,
          "key": undefined,
          "nodeType": "host",
          "props": Object {
            "children": <tr>
              <th
                onClick={[Function]}
              >
                Student
                <i
                  className="material-icons"
                >
                  keyboard_arrow_up
                </i>
              </th>
              <th
                onClick={[Function]}
              >
                Passed
                <i
                  className="material-icons"
                />
              </th>
              <th
                onClick={[Function]}
              >
                AVG Score
                <i
                  className="material-icons"
                />
              </th>
              <th
                onClick={[Function]}
              >
                Total Time(mins)
                <i
                  className="material-icons"
                />
              </th>
            </tr>,
          },
          "ref": null,
          "rendered": Object {
            "instance": null,
            "key": undefined,
            "nodeType": "host",
            "props": Object {
              "children": Array [
                <th
                  onClick={[Function]}
                >
                  Student
                  <i
                    className="material-icons"
                  >
                    keyboard_arrow_up
                  </i>
                </th>,
                <th
                  onClick={[Function]}
                >
                  Passed
                  <i
                    className="material-icons"
                  />
                </th>,
                <th
                  onClick={[Function]}
                >
                  AVG Score
                  <i
                    className="material-icons"
                  />
                </th>,
                <th
                  onClick={[Function]}
                >
                  Total Time(mins)
                  <i
                    className="material-icons"
                  />
                </th>,
              ],
            },
            "ref": null,
            "rendered": Array [
              Object {
                "instance": null,
                "key": "name",
                "nodeType": "host",
                "props": Object {
                  "children": Array [
                    "Student",
                    <i
                      className="material-icons"
                    >
                      keyboard_arrow_up
                    </i>,
                  ],
                  "onClick": [Function],
                },
                "ref": null,
                "rendered": Array [
                  "Student",
                  Object {
                    "instance": null,
                    "key": undefined,
                    "nodeType": "host",
                    "props": Object {
                      "children": "keyboard_arrow_up",
                      "className": "material-icons",
                    },
                    "ref": null,
                    "rendered": "keyboard_arrow_up",
                    "type": "i",
                  },
                ],
                "type": "th",
              },
              Object {
                "instance": null,
                "key": "passed",
                "nodeType": "host",
                "props": Object {
                  "children": Array [
                    "Passed",
                    <i
                      className="material-icons"
                    />,
                  ],
                  "onClick": [Function],
                },
                "ref": null,
                "rendered": Array [
                  "Passed",
                  Object {
                    "instance": null,
                    "key": undefined,
                    "nodeType": "host",
                    "props": Object {
                      "children": null,
                      "className": "material-icons",
                    },
                    "ref": null,
                    "rendered": null,
                    "type": "i",
                  },
                ],
                "type": "th",
              },
              Object {
                "instance": null,
                "key": "score",
                "nodeType": "host",
                "props": Object {
                  "children": Array [
                    "AVG Score",
                    <i
                      className="material-icons"
                    />,
                  ],
                  "onClick": [Function],
                },
                "ref": null,
                "rendered": Array [
                  "AVG Score",
                  Object {
                    "instance": null,
                    "key": undefined,
                    "nodeType": "host",
                    "props": Object {
                      "children": null,
                      "className": "material-icons",
                    },
                    "ref": null,
                    "rendered": null,
                    "type": "i",
                  },
                ],
                "type": "th",
              },
              Object {
                "instance": null,
                "key": "time",
                "nodeType": "host",
                "props": Object {
                  "children": Array [
                    "Total Time(mins)",
                    <i
                      className="material-icons"
                    />,
                  ],
                  "onClick": [Function],
                },
                "ref": null,
                "rendered": Array [
                  "Total Time(mins)",
                  Object {
                    "instance": null,
                    "key": undefined,
                    "nodeType": "host",
                    "props": Object {
                      "children": null,
                      "className": "material-icons",
                    },
                    "ref": null,
                    "rendered": null,
                    "type": "i",
                  },
                ],
                "type": "th",
              },
            ],
            "type": "tr",
          },
          "type": "thead",
        },
        Object {
          "instance": null,
          "key": undefined,
          "nodeType": "host",
          "props": Object {
            "children": Array [],
          },
          "ref": null,
          "rendered": Array [],
          "type": "tbody",
        },
      ],
      "type": "table",
    },
  ],
  Symbol(enzyme.__options__): Object {
    "adapter": ReactFifteenAdapter {
      "options": Object {
        "supportPrevContextArgumentOfComponentDidUpdate": true,
      },
    },
  },
}
`;
