// Jest Snapshot v1, https://goo.gl/fbAQLP

exports[`Scorm Analytics NavButton matches the snapshot 1`] = `
<button
  className="c-aa-graph-nav__item "
  onClick={[Function]}
>
  <span
    className="c-aa-stat"
  >
    12
  </span>
  <span
    className="c-aa-label"
  >
    test application
  </span>
</button>
`;
