// Jest Snapshot v1, https://goo.gl/fbAQLP

exports[`Scorm Analytics Scores matches the snapshot 1`] = `
<div
  style={
    Object {
      "position": "absolute",
      "right": "5rem",
      "top": "2rem",
    }
  }
>
  <ScoreLabel
    key="scores_test application"
    name="test application"
    value="12"
  />
</div>
`;
