// Jest Snapshot v1, https://goo.gl/fbAQLP

exports[`Assignment Button matches the snapshot 1`] = `
ShallowWrapper {
  "length": 1,
  Symbol(enzyme.__root__): [Circular],
  Symbol(enzyme.__unrendered__): <assignmentButton
    canvasUrl="canvasorother"
    courseId="12345"
    lms_assignment_id={54321}
/>,
  Symbol(enzyme.__renderer__): Object {
    "batchedUpdates": [Function],
    "getNode": [Function],
    "render": [Function],
    "simulateEvent": [Function],
    "unmount": [Function],
  },
  Symbol(enzyme.__node__): Object {
    "instance": null,
    "key": undefined,
    "nodeType": "host",
    "props": Object {
      "children": Array [
        <commonSVG
          className="c-icon"
          type="gradedAssignment"
/>,
        "Go to Assignment",
      ],
      "hoveredStyle": Object {
        "backgroundColor": "#f5f5f5",
      },
      "href": "https://canvasorother/courses/12345/assignments/54321",
      "style": Object {
        "backgroundColor": "white",
        "border": "none",
        "cursor": "pointer",
        "display": "inline-block",
        "fontSize": "inherit",
        "padding": "20px",
        "textAlign": "left",
        "verticalAlign": "middle",
        "width": "100%",
      },
      "target": "_parent",
    },
    "ref": null,
    "rendered": Array [
      Object {
        "instance": null,
        "key": undefined,
        "nodeType": "function",
        "props": Object {
          "className": "c-icon",
          "type": "gradedAssignment",
        },
        "ref": null,
        "rendered": null,
        "type": [Function],
      },
      "Go to Assignment",
    ],
    "type": "a",
  },
  Symbol(enzyme.__nodes__): Array [
    Object {
      "instance": null,
      "key": undefined,
      "nodeType": "host",
      "props": Object {
        "children": Array [
          <commonSVG
            className="c-icon"
            type="gradedAssignment"
/>,
          "Go to Assignment",
        ],
        "hoveredStyle": Object {
          "backgroundColor": "#f5f5f5",
        },
        "href": "https://canvasorother/courses/12345/assignments/54321",
        "style": Object {
          "backgroundColor": "white",
          "border": "none",
          "cursor": "pointer",
          "display": "inline-block",
          "fontSize": "inherit",
          "padding": "20px",
          "textAlign": "left",
          "verticalAlign": "middle",
          "width": "100%",
        },
        "target": "_parent",
      },
      "ref": null,
      "rendered": Array [
        Object {
          "instance": null,
          "key": undefined,
          "nodeType": "function",
          "props": Object {
            "className": "c-icon",
            "type": "gradedAssignment",
          },
          "ref": null,
          "rendered": null,
          "type": [Function],
        },
        "Go to Assignment",
      ],
      "type": "a",
    },
  ],
  Symbol(enzyme.__options__): Object {
    "adapter": ReactFifteenAdapter {
      "options": Object {
        "supportPrevContextArgumentOfComponentDidUpdate": true,
      },
    },
  },
}
`;
