// Jest Snapshot v1, https://goo.gl/fbAQLP

exports[`Center Error matches the snapshot 1`] = `
ShallowWrapper {
  "length": 1,
  Symbol(enzyme.__root__): [Circular],
  Symbol(enzyme.__unrendered__): <_DefaultExportValue />,
  Symbol(enzyme.__renderer__): Object {
    "batchedUpdates": [Function],
    "getNode": [Function],
    "render": [Function],
    "simulateEvent": [Function],
    "unmount": [Function],
  },
  Symbol(enzyme.__node__): Object {
    "instance": null,
    "key": undefined,
    "nodeType": "host",
    "props": Object {
      "children": Array [
        <h1
          style={
                    Object {
                              "color": "red",
                              "textAlign": "center",
                            }
          }
>
          Error Saving Testing Center Id
</h1>,
        <p
          style={
                    Object {
                              "textAlign": "center",
                            }
          }
>
          Please try again later.
</p>,
      ],
      "style": Object {
        "background": "#ededed",
        "border": "1px solid",
        "marginBottom": "10px",
      },
    },
    "ref": null,
    "rendered": Array [
      Object {
        "instance": null,
        "key": undefined,
        "nodeType": "host",
        "props": Object {
          "children": "Error Saving Testing Center Id",
          "style": Object {
            "color": "red",
            "textAlign": "center",
          },
        },
        "ref": null,
        "rendered": "Error Saving Testing Center Id",
        "type": "h1",
      },
      Object {
        "instance": null,
        "key": undefined,
        "nodeType": "host",
        "props": Object {
          "children": "Please try again later.",
          "style": Object {
            "textAlign": "center",
          },
        },
        "ref": null,
        "rendered": "Please try again later.",
        "type": "p",
      },
    ],
    "type": "div",
  },
  Symbol(enzyme.__nodes__): Array [
    Object {
      "instance": null,
      "key": undefined,
      "nodeType": "host",
      "props": Object {
        "children": Array [
          <h1
            style={
                        Object {
                                    "color": "red",
                                    "textAlign": "center",
                                  }
            }
>
            Error Saving Testing Center Id
</h1>,
          <p
            style={
                        Object {
                                    "textAlign": "center",
                                  }
            }
>
            Please try again later.
</p>,
        ],
        "style": Object {
          "background": "#ededed",
          "border": "1px solid",
          "marginBottom": "10px",
        },
      },
      "ref": null,
      "rendered": Array [
        Object {
          "instance": null,
          "key": undefined,
          "nodeType": "host",
          "props": Object {
            "children": "Error Saving Testing Center Id",
            "style": Object {
              "color": "red",
              "textAlign": "center",
            },
          },
          "ref": null,
          "rendered": "Error Saving Testing Center Id",
          "type": "h1",
        },
        Object {
          "instance": null,
          "key": undefined,
          "nodeType": "host",
          "props": Object {
            "children": "Please try again later.",
            "style": Object {
              "textAlign": "center",
            },
          },
          "ref": null,
          "rendered": "Please try again later.",
          "type": "p",
        },
      ],
      "type": "div",
    },
  ],
  Symbol(enzyme.__options__): Object {
    "adapter": ReactFifteenAdapter {
      "options": Object {
        "supportPrevContextArgumentOfComponentDidUpdate": true,
      },
    },
  },
}
`;
