// Jest Snapshot v1, https://goo.gl/fbAQLP

exports[`Pagination renders the pagination UI 1`] = `
<nav>
  <ul>
    <button
      disabled={false}
      onClick={[Function]}
      type="button"
    >
      &lt;
    </button>
    <button
      disabled={false}
      onClick={[Function]}
      type="button"
    >
      &gt;
    </button>
  </ul>
</nav>
`;
