// Jest Snapshot v1, https://goo.gl/fbAQLP

exports[`Pagination renders the pagination UI 1`] = `
<nav
  className="pagination"
>
  <button
    disabled={false}
    onClick={[Function]}
    type="button"
  >
    &lt;
    <span>
      Prev
    </span>
  </button>
  <button
    disabled={false}
    onClick={[Function]}
    type="button"
  >
    <span>
      Next
    </span>
    &gt;
  </button>
</nav>
`;
