// Jest Snapshot v1, https://goo.gl/fbAQLP

exports[`Action Buttons matches the snapshot 1`] = `
ShallowWrapper {
  "length": 1,
  Symbol(enzyme.__root__): [Circular],
  Symbol(enzyme.__unrendered__): <actionButtons />,
  Symbol(enzyme.__renderer__): Object {
    "batchedUpdates": [Function],
    "getNode": [Function],
    "render": [Function],
    "simulateEvent": [Function],
    "unmount": [Function],
  },
  Symbol(enzyme.__node__): Object {
    "instance": null,
    "key": null,
    "nodeType": "host",
    "props": Object {
      "children": Array [
        <button
          className="pure-button"
          onClick={[Function]}
>
          Back
</button>,
        <button
          className="pure-button button-primary"
          onClick={[Function]}
          style={
                    Object {
                              "float": "right",
                            }
          }
>
          Print
</button>,
      ],
      "className": "no-print",
    },
    "ref": null,
    "rendered": Array [
      Object {
        "instance": null,
        "key": null,
        "nodeType": "host",
        "props": Object {
          "children": "Back",
          "className": "pure-button",
          "onClick": [Function],
        },
        "ref": null,
        "rendered": "Back",
        "type": "button",
      },
      Object {
        "instance": null,
        "key": null,
        "nodeType": "host",
        "props": Object {
          "children": "Print",
          "className": "pure-button button-primary",
          "onClick": [Function],
          "style": Object {
            "float": "right",
          },
        },
        "ref": null,
        "rendered": "Print",
        "type": "button",
      },
    ],
    "type": "div",
  },
  Symbol(enzyme.__nodes__): Array [
    Object {
      "instance": null,
      "key": null,
      "nodeType": "host",
      "props": Object {
        "children": Array [
          <button
            className="pure-button"
            onClick={[Function]}
>
            Back
</button>,
          <button
            className="pure-button button-primary"
            onClick={[Function]}
            style={
                        Object {
                                    "float": "right",
                                  }
            }
>
            Print
</button>,
        ],
        "className": "no-print",
      },
      "ref": null,
      "rendered": Array [
        Object {
          "instance": null,
          "key": null,
          "nodeType": "host",
          "props": Object {
            "children": "Back",
            "className": "pure-button",
            "onClick": [Function],
          },
          "ref": null,
          "rendered": "Back",
          "type": "button",
        },
        Object {
          "instance": null,
          "key": null,
          "nodeType": "host",
          "props": Object {
            "children": "Print",
            "className": "pure-button button-primary",
            "onClick": [Function],
            "style": Object {
              "float": "right",
            },
          },
          "ref": null,
          "rendered": "Print",
          "type": "button",
        },
      ],
      "type": "div",
    },
  ],
  Symbol(enzyme.__options__): Object {
    "adapter": ReactFifteenAdapter {
      "options": Object {
        "supportPrevContextArgumentOfComponentDidUpdate": true,
      },
    },
  },
}
`;
