// Jest Snapshot v1, https://goo.gl/fbAQLP

exports[`Errors renders the errors 1`] = `
<div
  aria-live="assertive"
  id="errors"
>
  <div
    className="messages error"
  >
    <ul>
      <li
        key="0"
      >
        Something went wrong.
      </li>
      <li
        key="1"
      >
        A terrible thing happened.
      </li>
    </ul>
    <button
      aria-label="clear errors"
      onClick={[Function]}
      onKeyPress={[Function]}
      type="button"
    >
      <i
        aria-hidden="true"
        className="material-icons"
      >
        clear
      </i>
    </button>
  </div>
</div>
`;

exports[`Errors when there are no errors only renders the outer div 1`] = `
<div
  aria-live="assertive"
  id="errors"
/>
`;
