// Jest Snapshot v1, https://goo.gl/fbAQLP

exports[`Errors renders the errors 1`] = `
<div
  className="errors"
>
  <ul>
    <li
      key="0"
    >
      Something went wrong.
    </li>
    <li
      key="1"
    >
      A terrible thing happened.
    </li>
  </ul>
  <button
    aria-label="clear errors"
    onClick={[Function]}
    onKeyPress={[Function]}
    type="button"
  >
    <i
      aria-hidden="true"
      className="material-icons"
    >
      clear
    </i>
  </button>
</div>
`;
