// Jest Snapshot v1, https://goo.gl/fbAQLP

exports[`export button matches the snapshot 1`] = `
ShallowWrapper {
  "length": 1,
  Symbol(enzyme.__root__): [Circular],
  Symbol(enzyme.__unrendered__): <ExportButton
    ariaPosinset={0}
    downloadOptions={
        Object {
            "america": "the beautiful",
          }
    }
    onExport={[Function]}
/>,
  Symbol(enzyme.__renderer__): Object {
    "batchedUpdates": [Function],
    "getNode": [Function],
    "render": [Function],
    "simulateEvent": [Function],
    "unmount": [Function],
  },
  Symbol(enzyme.__node__): Object {
    "instance": null,
    "key": null,
    "nodeType": "host",
    "props": Object {
      "aria-checked": "false",
      "aria-posinset": 0,
      "aria-setsize": "2",
      "children": undefined,
      "className": "c-btn  c-btn--export",
      "onClick": [Function],
      "role": "radio",
    },
    "ref": [Function],
    "rendered": null,
    "type": "button",
  },
  Symbol(enzyme.__nodes__): Array [
    Object {
      "instance": null,
      "key": null,
      "nodeType": "host",
      "props": Object {
        "aria-checked": "false",
        "aria-posinset": 0,
        "aria-setsize": "2",
        "children": undefined,
        "className": "c-btn  c-btn--export",
        "onClick": [Function],
        "role": "radio",
      },
      "ref": [Function],
      "rendered": null,
      "type": "button",
    },
  ],
  Symbol(enzyme.__options__): Object {
    "adapter": ReactFifteenAdapter {
      "options": Object {
        "supportPrevContextArgumentOfComponentDidUpdate": true,
      },
    },
  },
}
`;
