// Jest Snapshot v1, https://goo.gl/fbAQLP

exports[`Student List matches the snapshot 1`] = `
ShallowWrapper {
  "complexSelector": ComplexSelector {
    "buildPredicate": [Function],
    "childrenOfNode": [Function],
    "findWhereUnwrapped": [Function],
  },
  "length": 1,
  "node": <div>
    <div
        className="c-top-bar"
    >
        <button
            className="c-btn c-btn--mark-all"
            onClick={[Function]}
        >
            Mark All Present
        </button>
        <button
            className="c-btn c-btn--unmark-all"
            onClick={[Function]}
        >
            Unmark All
        </button>
        <button
            className="c-btn c-btn--unmark-all qa-export-btn"
            onClick={[Function]}
        >
            Export
        </button>
        <sections
            currentSection={-1}
            filterStudents={[Function]}
            sections={
                Array [
                    Object {
                      "id": 5,
                      "name": "IMASECTION",
                    },
                    Object {
                      "id": 999,
                      "name": "ANOTHER",
                    },
                  ]
            }
        />
        <DateSelector
            date="Fri Jan 01 2016"
            updateDate={[Function]}
        />
    </div>
    <table
        className="c-table"
    >
        <thead />
        <tbody>
            <Student
                index={0}
                status={undefined}
                student={
                    Object {
                        "avatar_url": "http://",
                        "enrollments": Array [
                          Object {
                            "course_section_id": 1,
                          },
                        ],
                        "lms_student_id": 0,
                        "name": "Fake Student",
                      }
                }
                updateStudentAttendance={[Function]}
            />
            <Student
                index={1}
                status={undefined}
                student={
                    Object {
                        "avatar_url": "http://",
                        "enrollments": Array [
                          Object {
                            "course_section_id": 2,
                          },
                        ],
                        "lms_student_id": 1,
                        "name": "Fake Student",
                      }
                }
                updateStudentAttendance={[Function]}
            />
            <Student
                index={2}
                status={undefined}
                student={
                    Object {
                        "avatar_url": "http://",
                        "enrollments": Array [
                          Object {
                            "course_section_id": 3,
                          },
                        ],
                        "lms_student_id": 2,
                        "name": "Fake Student",
                      }
                }
                updateStudentAttendance={[Function]}
            />
            <Student
                index={3}
                status={undefined}
                student={
                    Object {
                        "avatar_url": "http://",
                        "enrollments": Array [
                          Object {
                            "course_section_id": 4,
                          },
                        ],
                        "lms_student_id": 3,
                        "name": "Fake Student",
                      }
                }
                updateStudentAttendance={[Function]}
            />
            <Student
                index={4}
                status={undefined}
                student={
                    Object {
                        "avatar_url": "http://",
                        "enrollments": Array [
                          Object {
                            "course_section_id": 5,
                          },
                        ],
                        "lms_student_id": 4,
                        "name": "Fake Student",
                      }
                }
                updateStudentAttendance={[Function]}
            />
            <Student
                index={5}
                status={undefined}
                student={
                    Object {
                        "avatar_url": "http://",
                        "enrollments": Array [
                          Object {
                            "course_section_id": 6,
                          },
                        ],
                        "lms_student_id": 5,
                        "name": "Fake Student",
                      }
                }
                updateStudentAttendance={[Function]}
            />
            <Student
                index={6}
                status={undefined}
                student={
                    Object {
                        "avatar_url": "http://",
                        "enrollments": Array [
                          Object {
                            "course_section_id": 7,
                          },
                        ],
                        "lms_student_id": 6,
                        "name": "Fake Student",
                      }
                }
                updateStudentAttendance={[Function]}
            />
            <Student
                index={7}
                status={undefined}
                student={
                    Object {
                        "avatar_url": "http://",
                        "enrollments": Array [
                          Object {
                            "course_section_id": 8,
                          },
                        ],
                        "lms_student_id": 7,
                        "name": "Fake Student",
                      }
                }
                updateStudentAttendance={[Function]}
            />
            <Student
                index={8}
                status={undefined}
                student={
                    Object {
                        "avatar_url": "http://",
                        "enrollments": Array [
                          Object {
                            "course_section_id": 9,
                          },
                        ],
                        "lms_student_id": 8,
                        "name": "Fake Student",
                      }
                }
                updateStudentAttendance={[Function]}
            />
            <Student
                index={9}
                status={undefined}
                student={
                    Object {
                        "avatar_url": "http://",
                        "enrollments": Array [
                          Object {
                            "course_section_id": 10,
                          },
                        ],
                        "lms_student_id": 9,
                        "name": "Fake Student",
                      }
                }
                updateStudentAttendance={[Function]}
            />
        </tbody>
    </table>
</div>,
  "nodes": Array [
    <div>
      <div
            className="c-top-bar"
      >
            <button
                  className="c-btn c-btn--mark-all"
                  onClick={[Function]}
            >
                  Mark All Present
            </button>
            <button
                  className="c-btn c-btn--unmark-all"
                  onClick={[Function]}
            >
                  Unmark All
            </button>
            <button
                  className="c-btn c-btn--unmark-all qa-export-btn"
                  onClick={[Function]}
            >
                  Export
            </button>
            <sections
                  currentSection={-1}
                  filterStudents={[Function]}
                  sections={
                        Array [
                              Object {
                                "id": 5,
                                "name": "IMASECTION",
                              },
                              Object {
                                "id": 999,
                                "name": "ANOTHER",
                              },
                            ]
                  }
            />
            <DateSelector
                  date="Fri Jan 01 2016"
                  updateDate={[Function]}
            />
      </div>
      <table
            className="c-table"
      >
            <thead />
            <tbody>
                  <Student
                        index={0}
                        status={undefined}
                        student={
                              Object {
                                    "avatar_url": "http://",
                                    "enrollments": Array [
                                      Object {
                                        "course_section_id": 1,
                                      },
                                    ],
                                    "lms_student_id": 0,
                                    "name": "Fake Student",
                                  }
                        }
                        updateStudentAttendance={[Function]}
                  />
                  <Student
                        index={1}
                        status={undefined}
                        student={
                              Object {
                                    "avatar_url": "http://",
                                    "enrollments": Array [
                                      Object {
                                        "course_section_id": 2,
                                      },
                                    ],
                                    "lms_student_id": 1,
                                    "name": "Fake Student",
                                  }
                        }
                        updateStudentAttendance={[Function]}
                  />
                  <Student
                        index={2}
                        status={undefined}
                        student={
                              Object {
                                    "avatar_url": "http://",
                                    "enrollments": Array [
                                      Object {
                                        "course_section_id": 3,
                                      },
                                    ],
                                    "lms_student_id": 2,
                                    "name": "Fake Student",
                                  }
                        }
                        updateStudentAttendance={[Function]}
                  />
                  <Student
                        index={3}
                        status={undefined}
                        student={
                              Object {
                                    "avatar_url": "http://",
                                    "enrollments": Array [
                                      Object {
                                        "course_section_id": 4,
                                      },
                                    ],
                                    "lms_student_id": 3,
                                    "name": "Fake Student",
                                  }
                        }
                        updateStudentAttendance={[Function]}
                  />
                  <Student
                        index={4}
                        status={undefined}
                        student={
                              Object {
                                    "avatar_url": "http://",
                                    "enrollments": Array [
                                      Object {
                                        "course_section_id": 5,
                                      },
                                    ],
                                    "lms_student_id": 4,
                                    "name": "Fake Student",
                                  }
                        }
                        updateStudentAttendance={[Function]}
                  />
                  <Student
                        index={5}
                        status={undefined}
                        student={
                              Object {
                                    "avatar_url": "http://",
                                    "enrollments": Array [
                                      Object {
                                        "course_section_id": 6,
                                      },
                                    ],
                                    "lms_student_id": 5,
                                    "name": "Fake Student",
                                  }
                        }
                        updateStudentAttendance={[Function]}
                  />
                  <Student
                        index={6}
                        status={undefined}
                        student={
                              Object {
                                    "avatar_url": "http://",
                                    "enrollments": Array [
                                      Object {
                                        "course_section_id": 7,
                                      },
                                    ],
                                    "lms_student_id": 6,
                                    "name": "Fake Student",
                                  }
                        }
                        updateStudentAttendance={[Function]}
                  />
                  <Student
                        index={7}
                        status={undefined}
                        student={
                              Object {
                                    "avatar_url": "http://",
                                    "enrollments": Array [
                                      Object {
                                        "course_section_id": 8,
                                      },
                                    ],
                                    "lms_student_id": 7,
                                    "name": "Fake Student",
                                  }
                        }
                        updateStudentAttendance={[Function]}
                  />
                  <Student
                        index={8}
                        status={undefined}
                        student={
                              Object {
                                    "avatar_url": "http://",
                                    "enrollments": Array [
                                      Object {
                                        "course_section_id": 9,
                                      },
                                    ],
                                    "lms_student_id": 8,
                                    "name": "Fake Student",
                                  }
                        }
                        updateStudentAttendance={[Function]}
                  />
                  <Student
                        index={9}
                        status={undefined}
                        student={
                              Object {
                                    "avatar_url": "http://",
                                    "enrollments": Array [
                                      Object {
                                        "course_section_id": 10,
                                      },
                                    ],
                                    "lms_student_id": 9,
                                    "name": "Fake Student",
                                  }
                        }
                        updateStudentAttendance={[Function]}
                  />
            </tbody>
      </table>
</div>,
  ],
  "options": Object {},
  "renderer": ReactShallowRenderer {
    "_instance": ShallowComponentWrapper {
      "_calledComponentWillUnmount": false,
      "_compositeType": 0,
      "_context": Object {},
      "_currentElement": <StudentList
        applicationDate="Fri Jan 01 2016"
        attendance={Object {}}
        canvasRequest={[Function]}
        changeDate={[Function]}
        downloadFile={[Function]}
        error={
                Object {
                        "showError": false,
                        "statusCode": 502,
                      }
        }
        getStudentAttendance={[Function]}
        getStudents={[Function]}
        markStudents={[Function]}
        sections={
                Array [
                        Object {
                          "id": 5,
                          "name": "IMASECTION",
                        },
                        Object {
                          "id": 999,
                          "name": "ANOTHER",
                        },
                      ]
        }
        settings={
                Object {
                        "lms_course_id": "1",
                      }
        }
        showError={[Function]}
        students={
                Array [
                        Object {
                          "avatar_url": "http://",
                          "enrollments": Array [
                            Object {
                              "course_section_id": 1,
                            },
                          ],
                          "lms_student_id": 0,
                          "name": "Fake Student",
                        },
                        Object {
                          "avatar_url": "http://",
                          "enrollments": Array [
                            Object {
                              "course_section_id": 2,
                            },
                          ],
                          "lms_student_id": 1,
                          "name": "Fake Student",
                        },
                        Object {
                          "avatar_url": "http://",
                          "enrollments": Array [
                            Object {
                              "course_section_id": 3,
                            },
                          ],
                          "lms_student_id": 2,
                          "name": "Fake Student",
                        },
                        Object {
                          "avatar_url": "http://",
                          "enrollments": Array [
                            Object {
                              "course_section_id": 4,
                            },
                          ],
                          "lms_student_id": 3,
                          "name": "Fake Student",
                        },
                        Object {
                          "avatar_url": "http://",
                          "enrollments": Array [
                            Object {
                              "course_section_id": 5,
                            },
                          ],
                          "lms_student_id": 4,
                          "name": "Fake Student",
                        },
                        Object {
                          "avatar_url": "http://",
                          "enrollments": Array [
                            Object {
                              "course_section_id": 6,
                            },
                          ],
                          "lms_student_id": 5,
                          "name": "Fake Student",
                        },
                        Object {
                          "avatar_url": "http://",
                          "enrollments": Array [
                            Object {
                              "course_section_id": 7,
                            },
                          ],
                          "lms_student_id": 6,
                          "name": "Fake Student",
                        },
                        Object {
                          "avatar_url": "http://",
                          "enrollments": Array [
                            Object {
                              "course_section_id": 8,
                            },
                          ],
                          "lms_student_id": 7,
                          "name": "Fake Student",
                        },
                        Object {
                          "avatar_url": "http://",
                          "enrollments": Array [
                            Object {
                              "course_section_id": 9,
                            },
                          ],
                          "lms_student_id": 8,
                          "name": "Fake Student",
                        },
                        Object {
                          "avatar_url": "http://",
                          "enrollments": Array [
                            Object {
                              "course_section_id": 10,
                            },
                          ],
                          "lms_student_id": 9,
                          "name": "Fake Student",
                        },
                      ]
        }
/>,
      "_debugID": 1,
      "_hostContainerInfo": null,
      "_hostParent": null,
      "_instance": StudentList {
        "_reactInternalInstance": [Circular],
        "context": Object {},
        "handleKeyPress": [Function],
        "props": Object {
          "applicationDate": "Fri Jan 01 2016",
          "attendance": Object {},
          "canvasRequest": [Function],
          "changeDate": [Function],
          "downloadFile": [Function],
          "error": Object {
            "showError": false,
            "statusCode": 502,
          },
          "getStudentAttendance": [Function],
          "getStudents": [Function],
          "markStudents": [Function],
          "sections": Array [
            Object {
              "id": 5,
              "name": "IMASECTION",
            },
            Object {
              "id": 999,
              "name": "ANOTHER",
            },
          ],
          "settings": Object {
            "lms_course_id": "1",
          },
          "showError": [Function],
          "students": Array [
            Object {
              "avatar_url": "http://",
              "enrollments": Array [
                Object {
                  "course_section_id": 1,
                },
              ],
              "lms_student_id": 0,
              "name": "Fake Student",
            },
            Object {
              "avatar_url": "http://",
              "enrollments": Array [
                Object {
                  "course_section_id": 2,
                },
              ],
              "lms_student_id": 1,
              "name": "Fake Student",
            },
            Object {
              "avatar_url": "http://",
              "enrollments": Array [
                Object {
                  "course_section_id": 3,
                },
              ],
              "lms_student_id": 2,
              "name": "Fake Student",
            },
            Object {
              "avatar_url": "http://",
              "enrollments": Array [
                Object {
                  "course_section_id": 4,
                },
              ],
              "lms_student_id": 3,
              "name": "Fake Student",
            },
            Object {
              "avatar_url": "http://",
              "enrollments": Array [
                Object {
                  "course_section_id": 5,
                },
              ],
              "lms_student_id": 4,
              "name": "Fake Student",
            },
            Object {
              "avatar_url": "http://",
              "enrollments": Array [
                Object {
                  "course_section_id": 6,
                },
              ],
              "lms_student_id": 5,
              "name": "Fake Student",
            },
            Object {
              "avatar_url": "http://",
              "enrollments": Array [
                Object {
                  "course_section_id": 7,
                },
              ],
              "lms_student_id": 6,
              "name": "Fake Student",
            },
            Object {
              "avatar_url": "http://",
              "enrollments": Array [
                Object {
                  "course_section_id": 8,
                },
              ],
              "lms_student_id": 7,
              "name": "Fake Student",
            },
            Object {
              "avatar_url": "http://",
              "enrollments": Array [
                Object {
                  "course_section_id": 9,
                },
              ],
              "lms_student_id": 8,
              "name": "Fake Student",
            },
            Object {
              "avatar_url": "http://",
              "enrollments": Array [
                Object {
                  "course_section_id": 10,
                },
              ],
              "lms_student_id": 9,
              "name": "Fake Student",
            },
          ],
        },
        "refs": Object {},
        "state": Object {
          "currentSection": -1,
          "showExportModal": false,
        },
        "updater": Object {
          "enqueueCallback": [Function],
          "enqueueCallbackInternal": [Function],
          "enqueueElementInternal": [Function],
          "enqueueForceUpdate": [Function],
          "enqueueReplaceState": [Function],
          "enqueueSetState": [Function],
          "isMounted": [Function],
          "validateCallback": [Function],
        },
      },
      "_mountOrder": 1,
      "_pendingCallbacks": null,
      "_pendingElement": null,
      "_pendingForceUpdate": false,
      "_pendingReplaceState": false,
      "_pendingStateQueue": null,
      "_renderedComponent": NoopInternalComponent {
        "_currentElement": <div>
          <div
                    className="c-top-bar"
          >
                    <button
                              className="c-btn c-btn--mark-all"
                              onClick={[Function]}
                    >
                              Mark All Present
                    </button>
                    <button
                              className="c-btn c-btn--unmark-all"
                              onClick={[Function]}
                    >
                              Unmark All
                    </button>
                    <button
                              className="c-btn c-btn--unmark-all qa-export-btn"
                              onClick={[Function]}
                    >
                              Export
                    </button>
                    <sections
                              currentSection={-1}
                              filterStudents={[Function]}
                              sections={
                                        Array [
                                                  Object {
                                                    "id": 5,
                                                    "name": "IMASECTION",
                                                  },
                                                  Object {
                                                    "id": 999,
                                                    "name": "ANOTHER",
                                                  },
                                                ]
                              }
                    />
                    <DateSelector
                              date="Fri Jan 01 2016"
                              updateDate={[Function]}
                    />
          </div>
          <table
                    className="c-table"
          >
                    <thead />
                    <tbody>
                              <Student
                                        index={0}
                                        status={undefined}
                                        student={
                                                  Object {
                                                            "avatar_url": "http://",
                                                            "enrollments": Array [
                                                              Object {
                                                                "course_section_id": 1,
                                                              },
                                                            ],
                                                            "lms_student_id": 0,
                                                            "name": "Fake Student",
                                                          }
                                        }
                                        updateStudentAttendance={[Function]}
                              />
                              <Student
                                        index={1}
                                        status={undefined}
                                        student={
                                                  Object {
                                                            "avatar_url": "http://",
                                                            "enrollments": Array [
                                                              Object {
                                                                "course_section_id": 2,
                                                              },
                                                            ],
                                                            "lms_student_id": 1,
                                                            "name": "Fake Student",
                                                          }
                                        }
                                        updateStudentAttendance={[Function]}
                              />
                              <Student
                                        index={2}
                                        status={undefined}
                                        student={
                                                  Object {
                                                            "avatar_url": "http://",
                                                            "enrollments": Array [
                                                              Object {
                                                                "course_section_id": 3,
                                                              },
                                                            ],
                                                            "lms_student_id": 2,
                                                            "name": "Fake Student",
                                                          }
                                        }
                                        updateStudentAttendance={[Function]}
                              />
                              <Student
                                        index={3}
                                        status={undefined}
                                        student={
                                                  Object {
                                                            "avatar_url": "http://",
                                                            "enrollments": Array [
                                                              Object {
                                                                "course_section_id": 4,
                                                              },
                                                            ],
                                                            "lms_student_id": 3,
                                                            "name": "Fake Student",
                                                          }
                                        }
                                        updateStudentAttendance={[Function]}
                              />
                              <Student
                                        index={4}
                                        status={undefined}
                                        student={
                                                  Object {
                                                            "avatar_url": "http://",
                                                            "enrollments": Array [
                                                              Object {
                                                                "course_section_id": 5,
                                                              },
                                                            ],
                                                            "lms_student_id": 4,
                                                            "name": "Fake Student",
                                                          }
                                        }
                                        updateStudentAttendance={[Function]}
                              />
                              <Student
                                        index={5}
                                        status={undefined}
                                        student={
                                                  Object {
                                                            "avatar_url": "http://",
                                                            "enrollments": Array [
                                                              Object {
                                                                "course_section_id": 6,
                                                              },
                                                            ],
                                                            "lms_student_id": 5,
                                                            "name": "Fake Student",
                                                          }
                                        }
                                        updateStudentAttendance={[Function]}
                              />
                              <Student
                                        index={6}
                                        status={undefined}
                                        student={
                                                  Object {
                                                            "avatar_url": "http://",
                                                            "enrollments": Array [
                                                              Object {
                                                                "course_section_id": 7,
                                                              },
                                                            ],
                                                            "lms_student_id": 6,
                                                            "name": "Fake Student",
                                                          }
                                        }
                                        updateStudentAttendance={[Function]}
                              />
                              <Student
                                        index={7}
                                        status={undefined}
                                        student={
                                                  Object {
                                                            "avatar_url": "http://",
                                                            "enrollments": Array [
                                                              Object {
                                                                "course_section_id": 8,
                                                              },
                                                            ],
                                                            "lms_student_id": 7,
                                                            "name": "Fake Student",
                                                          }
                                        }
                                        updateStudentAttendance={[Function]}
                              />
                              <Student
                                        index={8}
                                        status={undefined}
                                        student={
                                                  Object {
                                                            "avatar_url": "http://",
                                                            "enrollments": Array [
                                                              Object {
                                                                "course_section_id": 9,
                                                              },
                                                            ],
                                                            "lms_student_id": 8,
                                                            "name": "Fake Student",
                                                          }
                                        }
                                        updateStudentAttendance={[Function]}
                              />
                              <Student
                                        index={9}
                                        status={undefined}
                                        student={
                                                  Object {
                                                            "avatar_url": "http://",
                                                            "enrollments": Array [
                                                              Object {
                                                                "course_section_id": 10,
                                                              },
                                                            ],
                                                            "lms_student_id": 9,
                                                            "name": "Fake Student",
                                                          }
                                        }
                                        updateStudentAttendance={[Function]}
                              />
                    </tbody>
          </table>
</div>,
        "_debugID": 2,
        "_renderedOutput": <div>
          <div
                    className="c-top-bar"
          >
                    <button
                              className="c-btn c-btn--mark-all"
                              onClick={[Function]}
                    >
                              Mark All Present
                    </button>
                    <button
                              className="c-btn c-btn--unmark-all"
                              onClick={[Function]}
                    >
                              Unmark All
                    </button>
                    <button
                              className="c-btn c-btn--unmark-all qa-export-btn"
                              onClick={[Function]}
                    >
                              Export
                    </button>
                    <sections
                              currentSection={-1}
                              filterStudents={[Function]}
                              sections={
                                        Array [
                                                  Object {
                                                    "id": 5,
                                                    "name": "IMASECTION",
                                                  },
                                                  Object {
                                                    "id": 999,
                                                    "name": "ANOTHER",
                                                  },
                                                ]
                              }
                    />
                    <DateSelector
                              date="Fri Jan 01 2016"
                              updateDate={[Function]}
                    />
          </div>
          <table
                    className="c-table"
          >
                    <thead />
                    <tbody>
                              <Student
                                        index={0}
                                        status={undefined}
                                        student={
                                                  Object {
                                                            "avatar_url": "http://",
                                                            "enrollments": Array [
                                                              Object {
                                                                "course_section_id": 1,
                                                              },
                                                            ],
                                                            "lms_student_id": 0,
                                                            "name": "Fake Student",
                                                          }
                                        }
                                        updateStudentAttendance={[Function]}
                              />
                              <Student
                                        index={1}
                                        status={undefined}
                                        student={
                                                  Object {
                                                            "avatar_url": "http://",
                                                            "enrollments": Array [
                                                              Object {
                                                                "course_section_id": 2,
                                                              },
                                                            ],
                                                            "lms_student_id": 1,
                                                            "name": "Fake Student",
                                                          }
                                        }
                                        updateStudentAttendance={[Function]}
                              />
                              <Student
                                        index={2}
                                        status={undefined}
                                        student={
                                                  Object {
                                                            "avatar_url": "http://",
                                                            "enrollments": Array [
                                                              Object {
                                                                "course_section_id": 3,
                                                              },
                                                            ],
                                                            "lms_student_id": 2,
                                                            "name": "Fake Student",
                                                          }
                                        }
                                        updateStudentAttendance={[Function]}
                              />
                              <Student
                                        index={3}
                                        status={undefined}
                                        student={
                                                  Object {
                                                            "avatar_url": "http://",
                                                            "enrollments": Array [
                                                              Object {
                                                                "course_section_id": 4,
                                                              },
                                                            ],
                                                            "lms_student_id": 3,
                                                            "name": "Fake Student",
                                                          }
                                        }
                                        updateStudentAttendance={[Function]}
                              />
                              <Student
                                        index={4}
                                        status={undefined}
                                        student={
                                                  Object {
                                                            "avatar_url": "http://",
                                                            "enrollments": Array [
                                                              Object {
                                                                "course_section_id": 5,
                                                              },
                                                            ],
                                                            "lms_student_id": 4,
                                                            "name": "Fake Student",
                                                          }
                                        }
                                        updateStudentAttendance={[Function]}
                              />
                              <Student
                                        index={5}
                                        status={undefined}
                                        student={
                                                  Object {
                                                            "avatar_url": "http://",
                                                            "enrollments": Array [
                                                              Object {
                                                                "course_section_id": 6,
                                                              },
                                                            ],
                                                            "lms_student_id": 5,
                                                            "name": "Fake Student",
                                                          }
                                        }
                                        updateStudentAttendance={[Function]}
                              />
                              <Student
                                        index={6}
                                        status={undefined}
                                        student={
                                                  Object {
                                                            "avatar_url": "http://",
                                                            "enrollments": Array [
                                                              Object {
                                                                "course_section_id": 7,
                                                              },
                                                            ],
                                                            "lms_student_id": 6,
                                                            "name": "Fake Student",
                                                          }
                                        }
                                        updateStudentAttendance={[Function]}
                              />
                              <Student
                                        index={7}
                                        status={undefined}
                                        student={
                                                  Object {
                                                            "avatar_url": "http://",
                                                            "enrollments": Array [
                                                              Object {
                                                                "course_section_id": 8,
                                                              },
                                                            ],
                                                            "lms_student_id": 7,
                                                            "name": "Fake Student",
                                                          }
                                        }
                                        updateStudentAttendance={[Function]}
                              />
                              <Student
                                        index={8}
                                        status={undefined}
                                        student={
                                                  Object {
                                                            "avatar_url": "http://",
                                                            "enrollments": Array [
                                                              Object {
                                                                "course_section_id": 9,
                                                              },
                                                            ],
                                                            "lms_student_id": 8,
                                                            "name": "Fake Student",
                                                          }
                                        }
                                        updateStudentAttendance={[Function]}
                              />
                              <Student
                                        index={9}
                                        status={undefined}
                                        student={
                                                  Object {
                                                            "avatar_url": "http://",
                                                            "enrollments": Array [
                                                              Object {
                                                                "course_section_id": 10,
                                                              },
                                                            ],
                                                            "lms_student_id": 9,
                                                            "name": "Fake Student",
                                                          }
                                        }
                                        updateStudentAttendance={[Function]}
                              />
                    </tbody>
          </table>
</div>,
      },
      "_renderedNodeType": 0,
      "_rootNodeID": 0,
      "_topLevelWrapper": null,
      "_updateBatchNumber": null,
      "_warnedAboutRefsInRender": false,
    },
    "getRenderOutput": [Function],
    "render": [Function],
  },
  "root": [Circular],
  "unrendered": <StudentList
    applicationDate="Fri Jan 01 2016"
    attendance={Object {}}
    canvasRequest={[Function]}
    changeDate={[Function]}
    downloadFile={[Function]}
    error={
        Object {
            "showError": false,
            "statusCode": 502,
          }
    }
    getStudentAttendance={[Function]}
    getStudents={[Function]}
    markStudents={[Function]}
    sections={
        Array [
            Object {
              "id": 5,
              "name": "IMASECTION",
            },
            Object {
              "id": 999,
              "name": "ANOTHER",
            },
          ]
    }
    settings={
        Object {
            "lms_course_id": "1",
          }
    }
    showError={[Function]}
    students={
        Array [
            Object {
              "avatar_url": "http://",
              "enrollments": Array [
                Object {
                  "course_section_id": 1,
                },
              ],
              "lms_student_id": 0,
              "name": "Fake Student",
            },
            Object {
              "avatar_url": "http://",
              "enrollments": Array [
                Object {
                  "course_section_id": 2,
                },
              ],
              "lms_student_id": 1,
              "name": "Fake Student",
            },
            Object {
              "avatar_url": "http://",
              "enrollments": Array [
                Object {
                  "course_section_id": 3,
                },
              ],
              "lms_student_id": 2,
              "name": "Fake Student",
            },
            Object {
              "avatar_url": "http://",
              "enrollments": Array [
                Object {
                  "course_section_id": 4,
                },
              ],
              "lms_student_id": 3,
              "name": "Fake Student",
            },
            Object {
              "avatar_url": "http://",
              "enrollments": Array [
                Object {
                  "course_section_id": 5,
                },
              ],
              "lms_student_id": 4,
              "name": "Fake Student",
            },
            Object {
              "avatar_url": "http://",
              "enrollments": Array [
                Object {
                  "course_section_id": 6,
                },
              ],
              "lms_student_id": 5,
              "name": "Fake Student",
            },
            Object {
              "avatar_url": "http://",
              "enrollments": Array [
                Object {
                  "course_section_id": 7,
                },
              ],
              "lms_student_id": 6,
              "name": "Fake Student",
            },
            Object {
              "avatar_url": "http://",
              "enrollments": Array [
                Object {
                  "course_section_id": 8,
                },
              ],
              "lms_student_id": 7,
              "name": "Fake Student",
            },
            Object {
              "avatar_url": "http://",
              "enrollments": Array [
                Object {
                  "course_section_id": 9,
                },
              ],
              "lms_student_id": 8,
              "name": "Fake Student",
            },
            Object {
              "avatar_url": "http://",
              "enrollments": Array [
                Object {
                  "course_section_id": 10,
                },
              ],
              "lms_student_id": 9,
              "name": "Fake Student",
            },
          ]
    }
/>,
}
`;
